!!!!!!!!!!!!!!!!!!!!!!!!!!!!!!!!!!!!!!!!!!!!!!!!!!!!!!!!!!!!!!!!!!!!!!!!!!!!!!!!!!!!!!!!
! --paper-eval: grading at h_sel=0.1, the SAME threshold used to select.
! This is the paper's protocol.  It is valid for the paper's own
! baselines, none of which maximise Eq (18) directly.  It is NOT a
! valid comparison for CTIM-G / GlobalGreedy, which do.
!!!!!!!!!!!!!!!!!!!!!!!!!!!!!!!!!!!!!!!!!!!!!!!!!!!!!!!!!!!!!!!!!!!!!!!!!!!!!!!!!!!!!!!!
========================================================================================
CTIM-G   K=20  h_sel=0.1  h_eval=0.1  seed=42
========================================================================================
[setup] dataset + model + EdgeWeights            0.95s
        U=1861  E=15328  C=100  test_items=[3170, 23, 33859]

########################################################################################
# ITEM 1 of 3 -- test_items[0] = 3170
########################################################################################
[setup] Eq (12) weights                          2.60s  (|pp|=15328)

--- CTIM ---
    select 0.32s   |S|=20

--- CTIM-G ---
    select 0.06s   |S|=20
    phases: mia 0.00s  solo 0.01s  curves 0.01s  dp 0.00s  realise 0.00s  repair 0.00s
    communities used: 2 / 97   quota blocks: 711
    allocation: {0: 15, 12: 5}
    dp_value 23.0305 is an UPPER BOUND (sum_m I(S_m) >= I(union)); realised 23.0305, independence gap -0.00%

[scoring] one shared MIA(h_eval=0.1) for every set ...
[scoring] done in 0.30s  (2 distinct seed sets for 2 methods)

========================================================================================
[R] RESULTS -- one pp, one item (3170), one h_eval.  Comparable across rows.
========================================================================================
method                 I_h_eval   vs base       MC-IC +- SE   select(s)  |S|
CTIM                    23.0305     0.00%    123.545 +- 0.56        0.32  20
CTIM-G                  23.0305     0.00%    124.625 +- 1.46        0.06  20

  historical column -- I at h_sel=0.1, graded with the SAME threshold
  used to select.  NOT a valid cross-method comparison; shown because
  it is what earlier results/ tables reported.
      CTIM                  23.0305
      CTIM-G                23.0305

  pairwise seed overlap:
                                   CTIM          CTIM-G
      CTIM                        20/20            5/20
      CTIM-G                       5/20           20/20
      (* = identical set)

========================================================================================
[C] COMPLEXITY -- textbook cost, and the primitive that dominates it
========================================================================================
  n=|V|=1861  m=|E|=15328  K=20  C=100  h_sel=0.1
  t = mean |MIIA(v,h)|; each arborescence is a Dijkstra on -ln pp,
  costing O(t log t).  So (count, mean size) IS the empirical cost.

  CTIM
      cost : O(nC)  Eq (19)  +  sum_c O(n_c * t_c log t_c)  init  +  O(CK) DP cells
      why  : n arborescences, each on an INDUCED subgraph -> t_c is small
      wall clock: 0.32s

  CTIM-G
      cost : O(n * t log t)  global init  +  sum_c O(n_c * t log t)  curves  +  O(C K^2) DP  +  O(K * t^2) realisation
      why  : n arborescences, each on the FULL graph -> t is the global mean
      MEASURED: 2507 arborescences built, mean size 1.1
      MEASURED: 752 curve gain evals, 46 realisation gain evals
      wall clock: 0.06s

  full-graph vs induced-subgraph arborescence size
  (the ratio below is why CTIM is cheap and GlobalGreedy is not)
      sampled 200 nodes in 0.06s
      mean |MIIA| on the FULL graph      : 1.07
      mean |MIIA| on the INDUCED subgraph: 1.07
      ratio  full / induced             : 1.0x
      Both CTIM and GlobalGreedy build ~n arborescences; this ratio
      is the per-arborescence cost gap between them.

  item 3170 done in 3.36s   (Eq (12) weights 2.60s, shared by every method)

########################################################################################
# ITEM 2 of 3 -- test_items[1] = 23
########################################################################################
[setup] Eq (12) weights                          0.27s  (|pp|=15328)

--- CTIM ---
    select 0.35s   |S|=20

--- CTIM-G ---
    select 0.07s   |S|=20
    phases: mia 0.00s  solo 0.02s  curves 0.01s  dp 0.00s  realise 0.00s  repair 0.00s
    communities used: 2 / 97   quota blocks: 711
    allocation: {0: 15, 12: 5}
    dp_value 23.0308 is an UPPER BOUND (sum_m I(S_m) >= I(union)); realised 23.0308, independence gap 0.00%

[scoring] one shared MIA(h_eval=0.1) for every set ...
[scoring] done in 0.34s  (2 distinct seed sets for 2 methods)

========================================================================================
[R] RESULTS -- one pp, one item (23), one h_eval.  Comparable across rows.
========================================================================================
method                 I_h_eval   vs base       MC-IC +- SE   select(s)  |S|
CTIM                    23.0308     0.00%    123.400 +- 0.46        0.35  20
CTIM-G                  23.0308     0.00%    124.645 +- 1.60        0.07  20

  historical column -- I at h_sel=0.1, graded with the SAME threshold
  used to select.  NOT a valid cross-method comparison; shown because
  it is what earlier results/ tables reported.
      CTIM                  23.0308
      CTIM-G                23.0308

  pairwise seed overlap:
                                   CTIM          CTIM-G
      CTIM                        20/20            5/20
      CTIM-G                       5/20           20/20
      (* = identical set)

========================================================================================
[C] COMPLEXITY -- textbook cost, and the primitive that dominates it
========================================================================================
  n=|V|=1861  m=|E|=15328  K=20  C=100  h_sel=0.1
  t = mean |MIIA(v,h)|; each arborescence is a Dijkstra on -ln pp,
  costing O(t log t).  So (count, mean size) IS the empirical cost.

  CTIM
      cost : O(nC)  Eq (19)  +  sum_c O(n_c * t_c log t_c)  init  +  O(CK) DP cells
      why  : n arborescences, each on an INDUCED subgraph -> t_c is small
      wall clock: 0.35s

  CTIM-G
      cost : O(n * t log t)  global init  +  sum_c O(n_c * t log t)  curves  +  O(C K^2) DP  +  O(K * t^2) realisation
      why  : n arborescences, each on the FULL graph -> t is the global mean
      MEASURED: 2507 arborescences built, mean size 1.1
      MEASURED: 752 curve gain evals, 46 realisation gain evals
      wall clock: 0.07s


  item 23 done in 1.05s   (Eq (12) weights 0.27s, shared by every method)

########################################################################################
# ITEM 3 of 3 -- test_items[2] = 33859
########################################################################################
[setup] Eq (12) weights                          0.26s  (|pp|=15328)

--- CTIM ---
    select 0.34s   |S|=20

--- CTIM-G ---
    select 0.12s   |S|=20
    phases: mia 0.00s  solo 0.02s  curves 0.01s  dp 0.00s  realise 0.00s  repair 0.00s
    communities used: 2 / 97   quota blocks: 711
    allocation: {0: 15, 12: 5}
    dp_value 23.0327 is an UPPER BOUND (sum_m I(S_m) >= I(union)); realised 23.0327, independence gap -0.00%

[scoring] one shared MIA(h_eval=0.1) for every set ...
[scoring] done in 0.29s  (2 distinct seed sets for 2 methods)

========================================================================================
[R] RESULTS -- one pp, one item (33859), one h_eval.  Comparable across rows.
========================================================================================
method                 I_h_eval   vs base       MC-IC +- SE   select(s)  |S|
CTIM                    23.0327     0.00%    124.835 +- 0.82        0.34  20
CTIM-G                  23.0327     0.00%    126.115 +- 0.97        0.12  20

  historical column -- I at h_sel=0.1, graded with the SAME threshold
  used to select.  NOT a valid cross-method comparison; shown because
  it is what earlier results/ tables reported.
      CTIM                  23.0327
      CTIM-G                23.0327

  pairwise seed overlap:
                                   CTIM          CTIM-G
      CTIM                        20/20            5/20
      CTIM-G                       5/20           20/20
      (* = identical set)

========================================================================================
[C] COMPLEXITY -- textbook cost, and the primitive that dominates it
========================================================================================
  n=|V|=1861  m=|E|=15328  K=20  C=100  h_sel=0.1
  t = mean |MIIA(v,h)|; each arborescence is a Dijkstra on -ln pp,
  costing O(t log t).  So (count, mean size) IS the empirical cost.

  CTIM
      cost : O(nC)  Eq (19)  +  sum_c O(n_c * t_c log t_c)  init  +  O(CK) DP cells
      why  : n arborescences, each on an INDUCED subgraph -> t_c is small
      wall clock: 0.34s

  CTIM-G
      cost : O(n * t log t)  global init  +  sum_c O(n_c * t log t)  curves  +  O(C K^2) DP  +  O(K * t^2) realisation
      why  : n arborescences, each on the FULL graph -> t is the global mean
      MEASURED: 2507 arborescences built, mean size 1.1
      MEASURED: 752 curve gain evals, 46 realisation gain evals
      wall clock: 0.12s


  item 33859 done in 1.04s   (Eq (12) weights 0.26s, shared by every method)

========================================================================================
[A] ACROSS ITEMS -- relative gaps only
========================================================================================
  I_h_eval is not comparable across items (different pp = different
  graph).  Only the within-item gap vs the first method transfers.

  method                item 3170       item 23    item 33859
  CTIM                   23.0305       23.0308       23.0327 
  CTIM-G                 23.0305       23.0308       23.0327 

  method            mean gap%         sd        min        max
  CTIM                   0.00       0.00       0.00       0.00
  CTIM-G                 0.00       0.00       0.00       0.00

  A gap whose sd across items is comparable to its mean is not
  established -- report the range, not just the mean.

========================================================================================
TOTAL 6.42s   for 3 item(s)
========================================================================================
